---
source: tests/snapshots/theme_snapshots_test.rs
expression: output
---
╭──────────────────────────────────────────────────────────────────────────────╮
│  Extensions   │   Profiles   │   Settings                                    │
╰──────────────────────────────────────────────────────────────────────────────╯
