---
source: tests/snapshots/theme_snapshots_test.rs
assertion_line: 36
expression: output
---
╭─────────────────────────────── Edit Extension ───────────────────────────────╮
│                                                                              │
│ ┌Name───────────────────────────────────────────────┐┌Version──────────────┐ │
│ │Test Extension                                     ││1.0.0                │ │
│ └───────────────────────────────────────────────────┘└─────────────────────┘ │
│ ┌Description────────────────────────────────────────┐┌Tags─────────────────┐ │
│ │This is a test extension for snapshot testing      ││test, snapshot       │ │
│ └───────────────────────────────────────────────────┘└─────────────────────┘ │
│ ┌Context File────────────────────────┐┌MCP Servers (↑/↓ to navigate, n: new┐ │
│ │GEMINI.md                           ││  No MCP servers configured         │ │
│ └────────────────────────────────────┘│                                    │ │
│ ┌Context Content (Markdown)──────────┐│                                    │ │
│ │                                    ││                                    │ │
│ │                                    ││                                    │ │
│ │                                    ││                                    │ │
│ │                                    ││                                    │ │
│ │                                    ││                                    │ │
│ │                                    ││                                    │ │
│ │                                    ││                                    │ │
│ │                                    ││                                    │ │
│ │                                    ││                                    │ │
│ │                                    ││                                    │ │
│ │                                    ││                                    │ │
│ │                                    ││                                    │ │
│ │                                    ││                                    │ │
│ └────────────────────────────────────┘└────────────────────────────────────┘ │
│          Tab: Next field | Type to edit | Ctrl+S: Save | Esc: Cancel         │
│                                                                              │
│                                                                              │
╰──────────────────────────────────────────────────────────────────────────────╯
