---
source: tests/snapshots/theme_snapshots_test.rs
expression: output
---
╭────────────────────────────────── Profiles ──────────────────────────────────╮
││ Development                                                                 │
│    Local development environment                                             │
│    2 extensions, 0 env vars | 2 tags                                         │
│                                                                              │
│  Production (default)                                                        │
│    Production environment with minimal extensions                            │
│    1 extension, 0 env vars | 2 tags                                          │
│                                                                              │
│  Testing                                                                     │
│    QA and testing environment                                                │
│    0 extensions, 0 env vars | 2 tags                                         │
│                                                                              │
│                                                                              │
│                                                                              │
│                                                                              │
│                                                                              │
│                                                                              │
│                                                                              │
│                                                                              │
│                                                                              │
│                                                                              │
│                                                                              │
╰ Up, k: Navigate | Down, j: Navigate | Enter, Space: View | e: Edit | l: Launc╯
