---
source: tests/snapshots/theme_snapshots_test.rs
expression: output
---
╭──────────────────────────────────────────────────────────────────────────────╮
│  Extensions   │   Profiles   │   Settings                                    │
╰──────────────────────────────────────────────────────────────────────────────╯
╭───────────────────────────────── Extensions ─────────────────────────────────╮
││ Echo Test Extension v1.0.0                                                  │
│    Test extension with echo MCP server                                       │
│    1 MCP servers | 2 tags                                                    │
│                                                                              │
│                                                                              │
│                                                                              │
│                                                                              │
│                                                                              │
│                                                                              │
│                                                                              │
│                                                                              │
│                                                                              │
│                                                                              │
│                                                                              │
│                                                                              │
│                                                                              │
│                                                                              │
│                                                                              │
│                                                                              │
╰ Up, k: Navigate | Down, j: Navigate | Enter, Space: View | e: Edit | n: New |╯
