---
source: tests/unit/components/extension_form_test.rs
expression: output.unwrap()
---
╭──────────────────────────── Create New Extension ────────────────────────────╮
│                                                                              │
│ ┌Name───────────────────────────────────────────────┐┌Version──────────────┐ │
│ │My Awesome Extension                               ││1.0.03.2.1           │ │
│ └───────────────────────────────────────────────────┘└─────────────────────┘ │
│ ┌Description────────────────────────────────────────┐┌Tags─────────────────┐ │
│ │This is a comprehensive extension for productivity ││                     │ │
│ └───────────────────────────────────────────────────┘└─────────────────────┘ │
│ ┌Context File────────────────────────┐┌MCP Servers (↑/↓ to navigate, n: new┐ │
│ │GEMINI.md                           ││  No MCP servers configured         │ │
│ └────────────────────────────────────┘│                                    │ │
│ ┌Context Content (Markdown)──────────┐│                                    │ │
│ │productivity, ai, development       ││                                    │ │
│ │                                    ││                                    │ │
│ │                                    ││                                    │ │
│ │                                    ││                                    │ │
│ │                                    ││                                    │ │
│ │                                    ││                                    │ │
│ │                                    ││                                    │ │
│ │                                    ││                                    │ │
│ │                                    ││                                    │ │
│ │                                    ││                                    │ │
│ │                                    ││                                    │ │
│ │                                    ││                                    │ │
│ │                                    ││                                    │ │
│ └────────────────────────────────────┘└────────────────────────────────────┘ │
│   Tab: Next field | ↑/↓: Scroll | Type to edit | Ctrl+S: Save | Esc: Cancel  │
│                                                                              │
│                                                                              │
╰──────────────────────────────────────────────────────────────────────────────╯
